
R version 3.1.2 (2014-10-31) -- "Pumpkin Helmet"
Copyright (C) 2014 The R Foundation for Statistical Computing
Platform: x86_64-pc-linux-gnu (64-bit)

R is free software and comes with ABSOLUTELY NO WARRANTY.
You are welcome to redistribute it under certain conditions.
Type 'license()' or 'licence()' for distribution details.

  Natural language support but running in an English locale

R is a collaborative project with many contributors.
Type 'contributors()' for more information and
'citation()' on how to cite R or R packages in publications.

Type 'demo()' for some demos, 'help()' for on-line help, or
'help.start()' for an HTML browser interface to help.
Type 'q()' to quit R.

[Previously saved workspace restored]

> 
> library(RUnit)
> library(RMDX)
Loading required package: yaml
Loading required package: XML
Loading required package: RCurl
Loading required package: bitops
> 
> test.suite <- defineTestSuite("RMDX",
+                               dirs = file.path("tests"),
+                               testFileRegexp = '^\\d+\\.R')
> 
> test.result <- runTestSuite(test.suite)


Executing test function test.connecting  ... 
                                 url userid password
1 http://localhost:8080/pentaho/Xmla  Admin    *****

 done successfully.



Executing test function test.introspection  ...  done successfully.



Executing test function test.mdxquery  ...  done successfully.

> 
> printTextProtocol(test.result)
RUNIT TEST PROTOCOL -- Fri Jan 30 17:28:28 2015 
*********************************************** 
Number of test functions: 3 
Number of errors: 0 
Number of failures: 0 

 
1 Test Suite : 
RMDX - 3 test functions, 0 errors, 0 failures



Details 
*************************** 
Test Suite: RMDX 
Test function regexp: ^test.+ 
Test file regexp: ^\d+\.R 
Involved directory: 
tests 
--------------------------- 
Test file: tests/1.R 
test.connecting: (8 checks) ... OK (0.01 seconds)
--------------------------- 
Test file: tests/2.R 
test.introspection: (4 checks) ... OK (27.49 seconds)
--------------------------- 
Test file: tests/3.R 
test.mdxquery: (4 checks) ... OK (5.45 seconds)
> 
> 
> proc.time()
   user  system elapsed 
  1.032   0.287  33.843 
